I didn't fail the test. I just found one hundred ways to do it wrong.