definite,achieve First, have a  clear practical ideal; Second, have everything necessary to your ends; wisdom, money, materials, and methods. Third, adjust all your means to that end.